2026-10-02 09:54:02 [scrapy.utils.log] INFO: Scrapy 2.19.0 started (bot: ufcjson)
2026-10-02 09:54:02 [scrapy.utils.log] INFO: Versions:
{'lxml': '6.1.3',
 'libxml2': '2.14.6',
 'cssselect': '1.5.0',
 'parsel': '1.11.0',
 'w3lib': '2.4.1',
 'Twisted': '26.4.0',
 'Python': '3.12.4 | packaged by Anaconda, Inc. | (main, Jun 18 2024, '
           '10:14:12) [Clang 14.0.6 ]',
 'pyOpenSSL': '26.4.0 (OpenSSL 3.4.1 11 Feb 2025)',
 'cryptography': '50.0.1',
 'Platform': 'macOS-10.16-x86_64-i386-64bit'}
2026-10-02 09:54:02 [scrapy.addons] INFO: Enabled addons:
[]
2026-10-02 09:54:02 [scrapy.extensions.telnet] INFO: Telnet Password: 94be40067ca59731
2026-10-02 09:54:02 [scrapy.middleware] INFO: Enabled extensions:
['scrapy.extensions.corestats.CoreStats',
 'scrapy.extensions.logcount.LogCount',
 'scrapy.extensions.telnet.TelnetConsole',
 'scrapy.extensions.memusage.MemoryUsage',
 'scrapy.extensions.logstats.LogStats',
 'scrapy.extensions.throttle.AutoThrottle',
 'scrapy.extensions.remote_control.RemoteControl']
2026-10-02 09:54:02 [scrapy.crawler] INFO: Overridden settings:
{'AUTOTHROTTLE_ENABLED': True,
 'AUTOTHROTTLE_MAX_DELAY': 30,
 'AUTOTHROTTLE_START_DELAY': 1.5,
 'BOT_NAME': 'ufcjson',
 'CONCURRENT_REQUESTS_PER_DOMAIN': 1,
 'DOWNLOAD_DELAY': 1.5,
 'FEED_EXPORT_ENCODING': 'utf-8',
 'IMAGES_STORE': '/Users/apple/CodeProject/UFC-Project/DogMaker/ufcjson/../output/images',
 'LOG_FILE': './log/scrapy_log.log',
 'LOG_LEVEL': 'INFO',
 'NEWSPIDER_MODULE': 'ufcjson.spiders',
 'RETRY_HTTP_CODES': [500, 502, 503, 504, 522, 524, 408, 429, 403],
 'RETRY_TIMES': 3,
 'SPIDER_MODULES': ['ufcjson.spiders'],
 'USER_AGENT': 'Mozilla/5.0 (Macintosh; Intel Mac OS X 10_15_7) '
               'AppleWebKit/537.36 (KHTML, like Gecko) Chrome/128.0.0.0 '
               'Safari/537.36'}
2026-10-02 09:54:02 [scrapy.middleware] INFO: Enabled downloader middlewares:
['scrapy.downloadermiddlewares.offsite.OffsiteMiddleware',
 'scrapy.downloadermiddlewares.httpauth.HttpAuthMiddleware',
 'scrapy.downloadermiddlewares.downloadtimeout.DownloadTimeoutMiddleware',
 'scrapy.downloadermiddlewares.defaultheaders.DefaultHeadersMiddleware',
 'scrapy.downloadermiddlewares.useragent.UserAgentMiddleware',
 'scrapy.downloadermiddlewares.retry.RetryMiddleware',
 'scrapy.downloadermiddlewares.redirect.MetaRefreshMiddleware',
 'scrapy.downloadermiddlewares.httpcompression.HttpCompressionMiddleware',
 'scrapy.downloadermiddlewares.redirect.RedirectMiddleware',
 'scrapy.downloadermiddlewares.cookies.CookiesMiddleware',
 'scrapy.downloadermiddlewares.httpproxy.HttpProxyMiddleware',
 'scrapy.downloadermiddlewares.stats.DownloaderStats']
2026-10-02 09:54:02 [scrapy.middleware] INFO: Enabled spider middlewares:
['scrapy.spidermiddlewares.start.StartSpiderMiddleware',
 'scrapy.spidermiddlewares.httperror.HttpErrorMiddleware',
 'ufcjson.middlewares.UfcjsonSpiderMiddleware',
 'scrapy.spidermiddlewares.referer.RefererMiddleware',
 'scrapy.spidermiddlewares.urllength.UrlLengthMiddleware',
 'scrapy.spidermiddlewares.depth.DepthMiddleware',
 'scrapy.spidermiddlewares.metacopy.MetaCopyDetectionMiddleware']
2026-10-02 09:54:02 [scrapy.middleware] INFO: Enabled item pipelines:
['ufcjson.pipelines.UfcCountryCodePipeline',
 'ufcjson.pipelines.UfcDefaultPhotoPipeline',
 'ufcjson.pipelines.ImagesDownloadPipeline',
 'ufcjson.pipelines.TranslatorPipeline',
 'ufcjson.pipelines.JsonWriterPipeline',
 'ufcjson.pipelines.SqliteDbPipeline']
2026-10-02 09:54:02 [scrapy.core.engine] INFO: Spider opened
2026-10-02 09:54:02 [scrapy.extensions.logstats] INFO: Crawled 0 pages (at 0 pages/min), scraped 0 items (at 0 items/min)
2026-10-02 09:54:02 [ranking] INFO: Spider opened: ranking
2026-10-02 09:54:02 [scrapy.extensions.telnet] INFO: Telnet console listening on 127.0.0.1:6023
2026-10-02 09:54:02 [scrapy.extensions.remote_control] INFO: Remote control HTTP server listening on port 50241 (job 7285-11a1c1f387574758bf8296c2327c0883)
2026-10-02 09:54:14 [ranking] INFO: 跳过未纳入端上 13 档的分区: The Chin is in
2026-10-02 09:54:14 [ranking] INFO: 跳过未纳入端上 13 档的分区: Women's Featherweight
2026-10-02 09:54:14 [ranking] INFO: 跳过未纳入端上 13 档的分区: Women's Atomweight
2026-10-02 09:54:14 [ranking] INFO: 抓取完成选手: Alex Pereira，战绩 13-4-0 (W-L-D)，历史 17 条
2026-10-02 09:54:18 [ranking] INFO: 抓取完成选手: Tom Aspinall，战绩 15-3-0 (W-L-D)，历史 25 条
2026-10-02 09:54:21 [ranking] INFO: 抓取完成选手: Joshua Van，战绩 18-2-0 (W-L-D)，历史 24 条
2026-10-02 09:54:23 [ranking] INFO: 抓取完成选手: Alexander Volkanovski，战绩 28-4-0 (W-L-D)，历史 32 条
2026-10-02 09:54:24 [ranking] INFO: 抓取完成选手: Ciryl Gane，战绩 14-2-0 (W-L-D)，历史 17 条
2026-10-02 09:54:27 [ranking] INFO: 抓取完成选手: Ilia Topuria，战绩 17-1-0 (W-L-D)，历史 18 条
2026-10-02 09:54:28 [ranking] INFO: 抓取完成选手: Merab Dvalishvili，战绩 21-5-0 (W-L-D)，历史 28 条
2026-10-02 09:54:30 [ranking] INFO: 抓取完成选手: Justin Gaethje，战绩 28-5-0 (W-L-D)，历史 40 条
2026-10-02 09:54:32 [ranking] INFO: 抓取完成选手: Petr Yan，战绩 20-5-0 (W-L-D)，历史 28 条
2026-10-02 09:54:37 [ranking] INFO: 抓取完成选手: Islam Makhachev，战绩 29-1-0 (W-L-D)，历史 30 条
2026-10-02 09:54:39 [ranking] INFO: 抓取完成选手: Dakota Ditcheva，战绩 16-0-0 (W-L-D)，历史 20 条
2026-10-02 09:54:42 [ranking] INFO: 抓取完成选手: Erin Blanchfield，战绩 14-2-0 (W-L-D)，历史 16 条
2026-10-02 09:54:46 [ranking] INFO: 抓取完成选手: Manon Fiorot，战绩 13-3-0 (W-L-D)，历史 23 条
2026-10-02 09:54:47 [ranking] INFO: 抓取完成选手: Alexa Grasso，战绩 18-5-1 (W-L-D)，历史 24 条
2026-10-02 09:54:50 [ranking] INFO: 抓取完成选手: Seika Izawa，战绩 18-0-0 (W-L-D)，历史 18 条
2026-10-02 09:54:52 [ranking] INFO: 抓取完成选手: Natalia Silva，战绩 20-5-1 (W-L-D)，历史 26 条
2026-10-02 09:55:02 [scrapy.extensions.logstats] INFO: Crawled 24 pages (at 24 pages/min), scraped 76 items (at 76 items/min)
2026-10-02 09:55:17 [ranking] INFO: 抓取完成选手: Kayla Harrison，战绩 19-1-0 (W-L-D)，历史 20 条
2026-10-02 09:55:18 [ranking] INFO: 抓取完成选手: Weili Zhang，战绩 26-4-0 (W-L-D)，历史 30 条
2026-10-02 09:55:19 [ranking] INFO: 抓取完成选手: Cristiane Justino，战绩 30-2-0 (W-L-D)，历史 33 条
2026-10-02 09:55:24 [ranking] INFO: 抓取完成选手: Valentina Shevchenko，战绩 26-4-1 (W-L-D)，历史 31 条
2026-10-02 09:55:24 [ranking] INFO: 抓取完成选手: Vadim Nemkov，战绩 20-2-0 (W-L-D)，历史 23 条
2026-10-02 09:55:30 [ranking] INFO: 抓取完成选手: Curtis Blaydes，战绩 20-6-0 (W-L-D)，历史 27 条
2026-10-02 09:55:32 [ranking] INFO: 抓取完成选手: Jamahal Hill，战绩 12-4-0 (W-L-D)，历史 18 条
2026-10-02 09:55:34 [ranking] INFO: 抓取完成选手: Costello van Steenis，战绩 18-3-0 (W-L-D)，历史 23 条
2026-10-02 09:55:35 [ranking] INFO: 抓取完成选手: Shamil Musaev，战绩 18-1-1 (W-L-D)，历史 26 条
2026-10-02 09:55:37 [ranking] INFO: 抓取完成选手: Salahdine Parnasse，战绩 24-2-0 (W-L-D)，历史 30 条
2026-10-02 09:55:39 [ranking] INFO: 抓取完成选手: Steve Garcia，战绩 19-6-0 (W-L-D)，历史 28 条
2026-10-02 09:55:41 [ranking] INFO: 抓取完成选手: Mitchell McKee，战绩 11-0-0 (W-L-D)，历史 13 条
2026-10-02 09:55:43 [ranking] INFO: 抓取完成选手: Amir Albazi，战绩 17-3-0 (W-L-D)，历史 20 条
2026-10-02 09:55:45 [ranking] INFO: 抓取完成选手: Iasmin Lucindo，战绩 18-6-0 (W-L-D)，历史 24 条
2026-10-02 09:55:47 [ranking] INFO: 抓取完成选手: Sabrinna de Sousa，战绩 7-0-0 (W-L-D)，历史 22 条
2026-10-02 09:55:50 [ranking] INFO: 抓取完成选手: Karol Rosa，战绩 19-8-0 (W-L-D)，历史 27 条
2026-10-02 09:55:51 [ranking] INFO: 抓取完成选手: Beatriz Mesquita，战绩 8-0-0 (W-L-D)，历史 8 条
2026-10-02 09:55:53 [ranking] INFO: 抓取完成选手: Luana Santos，战绩 11-2-0 (W-L-D)，历史 16 条
2026-10-02 09:55:55 [ranking] INFO: 抓取完成选手: Ketlen Vieira，战绩 16-6-0 (W-L-D)，历史 22 条
2026-10-02 09:55:59 [ranking] INFO: 抓取完成选手: Norma Dumont，战绩 13-4-0 (W-L-D)，历史 17 条
2026-10-02 09:56:02 [scrapy.extensions.logstats] INFO: Crawled 51 pages (at 27 pages/min), scraped 166 items (at 90 items/min)
2026-10-02 09:56:05 [ranking] WARNING: [fighter] 页面发生重定向（仍按请求 URL 记账）: https://www.sherdog.com/fighter/Waldo-Cortes-Acosta-190909 -> https://www.sherdog.com/fighter/Waldo-CortesAcosta-190909
2026-10-02 09:56:05 [ranking] INFO: 抓取完成选手: Waldo Cortes-Acosta，战绩 17-4-0 (W-L-D)，历史 28 条
2026-10-02 09:56:07 [ranking] INFO: 抓取完成选手: Yana Santos，战绩 17-8-0 (W-L-D)，历史 26 条
2026-10-02 09:56:10 [ranking] INFO: 抓取完成选手: Joselyne Edwards，战绩 18-6-0 (W-L-D)，历史 25 条
2026-10-02 09:56:12 [ranking] INFO: 抓取完成选手: Ailin Perez，战绩 14-2-0 (W-L-D)，历史 17 条
2026-10-02 09:56:14 [ranking] INFO: 抓取完成选手: Julianna Pena，战绩 12-6-0 (W-L-D)，历史 23 条
2026-10-02 09:56:16 [ranking] INFO: 抓取完成选手: Jasmine Jasudavicius，战绩 15-4-0 (W-L-D)，历史 23 条
2026-10-02 09:56:18 [ranking] INFO: 抓取完成选手: Maycee Barber，战绩 15-3-0 (W-L-D)，历史 19 条
2026-10-02 09:56:19 [ranking] INFO: 抓取完成选手: Liz Carmouche，战绩 26-8-0 (W-L-D)，历史 34 条
2026-10-02 09:56:21 [ranking] INFO: 抓取完成选手: Amanda Lemos，战绩 15-7-1 (W-L-D)，历史 23 条
2026-10-02 09:56:22 [ranking] INFO: 抓取完成选手: Fatima Kline，战绩 10-1-0 (W-L-D)，历史 12 条
2026-10-02 09:56:24 [ranking] INFO: 抓取完成选手: Alexia Thainara，战绩 15-1-0 (W-L-D)，历史 16 条
2026-10-02 09:56:26 [ranking] INFO: 抓取完成选手: Xiaonan Yan，战绩 19-6-0 (W-L-D)，历史 26 条
2026-10-02 09:56:27 [ranking] INFO: 抓取完成选手: Denise Gomes，战绩 13-3-0 (W-L-D)，历史 16 条
2026-10-02 09:56:28 [ranking] INFO: 抓取完成选手: Gillian Robertson，战绩 17-9-0 (W-L-D)，历史 38 条
2026-10-02 09:56:30 [ranking] INFO: 抓取完成选手: Tatiana Suarez，战绩 12-1-0 (W-L-D)，历史 17 条
2026-10-02 09:56:37 [ranking] INFO: 抓取完成选手: Virna Jandiroba，战绩 23-4-0 (W-L-D)，历史 27 条
2026-10-02 09:56:38 [ranking] INFO: 抓取完成选手: Mackenzie Dern，战绩 17-5-0 (W-L-D)，历史 22 条
2026-10-02 09:56:43 [ranking] INFO: 抓取完成选手: Ramazonbek Temirov，战绩 20-3-0 (W-L-D)，历史 23 条
2026-10-02 09:56:46 [ranking] INFO: 抓取完成选手: Brandon Moreno，战绩 24-10-2 (W-L-D)，历史 37 条
2026-10-02 09:56:50 [ranking] INFO: 抓取完成选手: Kyoji Horiguchi，战绩 36-6-0 (W-L-D)，历史 43 条
2026-10-02 09:56:50 [ranking] INFO: 抓取完成选手: Tatsuro Taira，战绩 18-2-0 (W-L-D)，历史 21 条
2026-10-02 09:56:52 [ranking] INFO: 抓取完成选手: Brandon Royval，战绩 18-9-0 (W-L-D)，历史 30 条
2026-10-02 09:56:54 [ranking] INFO: 抓取完成选手: Manel Kape，战绩 23-7-0 (W-L-D)，历史 30 条
2026-10-02 09:56:56 [ranking] INFO: 抓取完成选手: Alexandre Pantoja，战绩 30-7-0 (W-L-D)，历史 40 条
2026-10-02 09:56:58 [ranking] INFO: 抓取完成选手: Deiveson Figueiredo，战绩 25-7-1 (W-L-D)，历史 33 条
2026-10-02 09:57:00 [ranking] INFO: 抓取完成选手: David Martinez，战绩 15-1-0 (W-L-D)，历史 16 条
2026-10-02 09:57:02 [ranking] INFO: 抓取完成选手: Cory Sandhagen，战绩 18-7-0 (W-L-D)，历史 29 条
2026-10-02 09:57:02 [scrapy.extensions.logstats] INFO: Crawled 78 pages (at 27 pages/min), scraped 193 items (at 27 items/min)
2026-10-02 09:57:04 [ranking] INFO: 抓取完成选手: Mario Bautista，战绩 18-3-0 (W-L-D)，历史 24 条
2026-10-02 09:57:06 [ranking] INFO: 抓取完成选手: Umar Nurmagomedov，战绩 20-2-0 (W-L-D)，历史 26 条
2026-10-02 09:57:08 [ranking] INFO: 抓取完成选手: Yadong Song，战绩 24-9-1 (W-L-D)，历史 35 条
2026-10-02 09:57:14 [ranking] INFO: 抓取完成选手: Youssef Zalal，战绩 18-6-1 (W-L-D)，历史 30 条
2026-10-02 09:57:14 [ranking] INFO: 抓取完成选手: Aljamain Sterling，战绩 26-5-0 (W-L-D)，历史 34 条
2026-10-02 09:57:18 [ranking] INFO: 抓取完成选手: Arnold Allen，战绩 21-4-0 (W-L-D)，历史 28 条
2026-10-02 09:57:20 [ranking] WARNING: [fighter] 页面发生重定向（仍按请求 URL 记账）: https://www.sherdog.com/fighter/Lone'er-Kavanagh-213249 -> https://www.sherdog.com/fighter/Loneer-Kavanagh-213249
2026-10-02 09:57:20 [ranking] INFO: 抓取完成选手: Lone'er Kavanagh，战绩 10-2-0 (W-L-D)，历史 19 条
2026-10-02 09:57:22 [ranking] INFO: 抓取完成选手: Lerone Murphy，战绩 17-1-1 (W-L-D)，历史 22 条
2026-10-02 09:57:24 [ranking] INFO: 抓取完成选手: Jean Silva，战绩 18-3-0 (W-L-D)，历史 21 条
2026-10-02 09:57:26 [ranking] INFO: 抓取完成选手: Rajabali Shaidullaev，战绩 20-0-0 (W-L-D)，历史 20 条
2026-10-02 09:57:28 [ranking] INFO: 抓取完成选手: Diego Lopes，战绩 28-8-0 (W-L-D)，历史 36 条
2026-10-02 09:57:29 [ranking] INFO: 抓取完成选手: Movsar Evloev，战绩 20-0-0 (W-L-D)，历史 20 条
2026-10-02 09:57:31 [ranking] INFO: 抓取完成选手: Mauricio Ruffy，战绩 14-3-0 (W-L-D)，历史 17 条
2026-10-02 09:57:33 [ranking] INFO: 抓取完成选手: Benoit St. Denis，战绩 17-4-0 (W-L-D)，历史 22 条
2026-10-02 09:57:35 [ranking] INFO: 抓取完成选手: Usman Nurmagomedov，战绩 22-0-0 (W-L-D)，历史 23 条
2026-10-02 09:57:37 [ranking] INFO: 抓取完成选手: Paddy Pimblett，战绩 24-4-0 (W-L-D)，历史 30 条
2026-10-02 09:57:39 [ranking] INFO: 抓取完成选手: Max Holloway，战绩 28-9-0 (W-L-D)，历史 38 条
2026-10-02 09:57:40 [ranking] INFO: 抓取完成选手: Charles Oliveira，战绩 37-11-0 (W-L-D)，历史 50 条
2026-10-02 09:57:42 [ranking] WARNING: [fighter] 页面发生重定向（仍按请求 URL 记账）: https://www.sherdog.com/fighter/Sean-O'Malley-135099 -> https://www.sherdog.com/fighter/Sean-OMalley-135099
2026-10-02 09:57:42 [ranking] INFO: 抓取完成选手: Sean O'Malley，战绩 20-3-0 (W-L-D)，历史 30 条
2026-10-02 09:57:44 [ranking] INFO: 抓取完成选手: Arman Tsarukyan，战绩 24-3-0 (W-L-D)，历史 27 条
2026-10-02 09:57:46 [ranking] INFO: 抓取完成选手: Thad Jean，战绩 12-0-0 (W-L-D)，历史 18 条
2026-10-02 09:57:53 [ranking] INFO: 抓取完成选手: Gabriel Bonfim，战绩 20-1-0 (W-L-D)，历史 21 条
2026-10-02 09:57:54 [ranking] INFO: 抓取完成选手: Ramazan Kuramagomedov，战绩 14-0-0 (W-L-D)，历史 20 条
2026-10-02 09:57:59 [ranking] INFO: 抓取完成选手: Jack Della Maddalena，战绩 18-4-0 (W-L-D)，历史 24 条
2026-10-02 09:58:02 [ranking] INFO: 抓取完成选手: Sean Brady，战绩 19-2-0 (W-L-D)，历史 24 条
2026-10-02 09:58:02 [scrapy.extensions.logstats] INFO: Crawled 103 pages (at 25 pages/min), scraped 218 items (at 25 items/min)
2026-10-02 09:58:04 [ranking] INFO: 抓取完成选手: Carlos Prates，战绩 24-7-0 (W-L-D)，历史 31 条
2026-10-02 09:58:07 [ranking] INFO: 抓取完成选手: Ian Garry，战绩 17-2-0 (W-L-D)，历史 26 条
2026-10-02 09:58:09 [ranking] INFO: 抓取完成选手: Michael Morales，战绩 19-0-0 (W-L-D)，历史 19 条
2026-10-02 09:58:10 [ranking] INFO: 抓取完成选手: Joe Pyfer，战绩 16-3-0 (W-L-D)，历史 24 条
2026-10-02 09:58:12 [ranking] INFO: 抓取完成选手: Caio Borralho，战绩 18-2-0 (W-L-D)，历史 22 条
2026-10-02 09:58:14 [ranking] INFO: 抓取完成选手: Brendan Allen，战绩 27-7-0 (W-L-D)，历史 40 条
2026-10-02 09:58:15 [ranking] INFO: 抓取完成选手: Anthony Hernandez，战绩 15-4-0 (W-L-D)，历史 28 条
2026-10-02 09:58:18 [ranking] INFO: 抓取完成选手: Gregory Rodrigues，战绩 20-6-0 (W-L-D)，历史 26 条
2026-10-02 09:58:19 [ranking] INFO: 抓取完成选手: Nassourdine Imavov，战绩 17-4-0 (W-L-D)，历史 22 条
2026-10-02 09:58:20 [ranking] INFO: 抓取完成选手: Dricus Du Plessis，战绩 24-3-0 (W-L-D)，历史 27 条
2026-10-02 09:58:22 [ranking] INFO: 抓取完成选手: Khamzat Chimaev，战绩 15-1-0 (W-L-D)，历史 19 条
2026-10-02 09:58:24 [ranking] INFO: 抓取完成选手: Sean Strickland，战绩 31-7-0 (W-L-D)，历史 38 条
2026-10-02 09:58:26 [ranking] INFO: 抓取完成选手: Volkan Oezdemir，战绩 21-8-0 (W-L-D)，历史 29 条
2026-10-02 09:58:28 [ranking] INFO: 抓取完成选手: Dominick Reyes，战绩 16-5-0 (W-L-D)，历史 26 条
2026-10-02 09:58:30 [ranking] INFO: 抓取完成选手: Azamat Murzakanov，战绩 16-1-0 (W-L-D)，历史 17 条
2026-10-02 09:58:32 [ranking] INFO: 抓取完成选手: Paulo Costa，战绩 16-4-0 (W-L-D)，历史 20 条
2026-10-02 09:58:34 [ranking] INFO: 抓取完成选手: Khalil Rountree，战绩 14-7-0 (W-L-D)，历史 30 条
2026-10-02 09:58:36 [ranking] INFO: 抓取完成选手: Jiri Prochazka，战绩 32-6-1 (W-L-D)，历史 39 条
2026-10-02 09:58:37 [ranking] INFO: 抓取完成选手: Carlos Ulberg，战绩 14-1-0 (W-L-D)，历史 15 条
2026-10-02 09:58:39 [ranking] INFO: 抓取完成选手: Magomed Ankalaev，战绩 21-2-1 (W-L-D)，历史 41 条
2026-10-02 09:58:41 [ranking] INFO: 抓取完成选手: Phil De Fries，战绩 29-6-0 (W-L-D)，历史 36 条
2026-10-02 09:58:43 [ranking] INFO: 抓取完成选手: Josh Hokit，战绩 10-0-0 (W-L-D)，历史 10 条
2026-10-02 09:58:45 [ranking] INFO: 抓取完成选手: Sergei Pavlovich，战绩 21-3-0 (W-L-D)，历史 24 条
2026-10-02 09:58:47 [ranking] INFO: 抓取完成选手: Alexander Volkov，战绩 40-11-0 (W-L-D)，历史 51 条
2026-10-02 09:58:49 [ranking] INFO: 抓取完成选手: Francis Ngannou，战绩 19-3-0 (W-L-D)，历史 23 条
2026-10-02 09:58:49 [scrapy.core.engine] INFO: Closing spider (finished)
2026-10-02 09:58:49 [ranking] INFO: 排名抓取结束，共产出 130 条排名
2026-10-02 09:58:49 [scrapy.statscollectors] INFO: Dumping Scrapy stats:
{'downloader/request_bytes': 93666,
 'downloader/request_count': 131,
 'downloader/request_method_count/GET': 131,
 'downloader/response_bytes': 3629338,
 'downloader/response_count': 131,
 'downloader/response_status_count/200': 128,
 'downloader/response_status_count/301': 3,
 'dupefilter/filtered': 17,
 'elapsed_time_seconds': 287.046458612007,
 'file_count': 113,
 'file_status_count/uptodate': 113,
 'finish_reason': 'finished',
 'finish_time': datetime.datetime(2026, 10, 2, 1, 58, 49, 909513, tzinfo=datetime.timezone.utc),
 'httpcompression/response_bytes': 13995125,
 'httpcompression/response_count': 128,
 'item_scraped_count': 243,
 'items_per_minute': 50.801393728223,
 'log_count/INFO': 126,
 'log_count/WARNING': 3,
 'memusage/max': 99991552,
 'memusage/startup': 73129984,
 'request_depth_max': 3,
 'response_received_count': 128,
 'responses_per_minute': 26.7595818815331,
 'scheduler/dequeued': 131,
 'scheduler/dequeued/memory': 131,
 'scheduler/enqueued': 131,
 'scheduler/enqueued/memory': 131,
 'start_time': datetime.datetime(2026, 10, 2, 1, 54, 2, 864053, tzinfo=datetime.timezone.utc)}
2026-10-02 09:58:49 [scrapy.core.engine] INFO: Spider closed (finished)
2026-10-02 09:58:51 [scrapy.utils.log] INFO: Scrapy 2.19.0 started (bot: ufcjson)
2026-10-02 09:58:51 [scrapy.utils.log] INFO: Versions:
{'lxml': '6.1.3',
 'libxml2': '2.14.6',
 'cssselect': '1.5.0',
 'parsel': '1.11.0',
 'w3lib': '2.4.1',
 'Twisted': '26.4.0',
 'Python': '3.12.4 | packaged by Anaconda, Inc. | (main, Jun 18 2024, '
           '10:14:12) [Clang 14.0.6 ]',
 'pyOpenSSL': '26.4.0 (OpenSSL 3.4.1 11 Feb 2025)',
 'cryptography': '50.0.1',
 'Platform': 'macOS-10.16-x86_64-i386-64bit'}
2026-10-02 09:58:51 [scrapy.addons] INFO: Enabled addons:
[]
2026-10-02 09:58:51 [scrapy.extensions.telnet] INFO: Telnet Password: 709b6482dff32e5a
2026-10-02 09:58:51 [scrapy.middleware] INFO: Enabled extensions:
['scrapy.extensions.corestats.CoreStats',
 'scrapy.extensions.logcount.LogCount',
 'scrapy.extensions.telnet.TelnetConsole',
 'scrapy.extensions.memusage.MemoryUsage',
 'scrapy.extensions.logstats.LogStats',
 'scrapy.extensions.throttle.AutoThrottle',
 'scrapy.extensions.remote_control.RemoteControl']
2026-10-02 09:58:51 [scrapy.crawler] INFO: Overridden settings:
{'AUTOTHROTTLE_ENABLED': True,
 'AUTOTHROTTLE_MAX_DELAY': 30,
 'AUTOTHROTTLE_START_DELAY': 1.5,
 'BOT_NAME': 'ufcjson',
 'CONCURRENT_REQUESTS_PER_DOMAIN': 1,
 'DOWNLOAD_DELAY': 1.5,
 'FEED_EXPORT_ENCODING': 'utf-8',
 'IMAGES_STORE': '/Users/apple/CodeProject/UFC-Project/DogMaker/ufcjson/../output/images',
 'LOG_FILE': './log/scrapy_log.log',
 'LOG_LEVEL': 'INFO',
 'NEWSPIDER_MODULE': 'ufcjson.spiders',
 'RETRY_HTTP_CODES': [500, 502, 503, 504, 522, 524, 408, 429, 403],
 'RETRY_TIMES': 3,
 'SPIDER_MODULES': ['ufcjson.spiders'],
 'USER_AGENT': 'Mozilla/5.0 (Macintosh; Intel Mac OS X 10_15_7) '
               'AppleWebKit/537.36 (KHTML, like Gecko) Chrome/128.0.0.0 '
               'Safari/537.36'}
2026-10-02 09:58:52 [scrapy.middleware] INFO: Enabled downloader middlewares:
['scrapy.downloadermiddlewares.offsite.OffsiteMiddleware',
 'scrapy.downloadermiddlewares.httpauth.HttpAuthMiddleware',
 'scrapy.downloadermiddlewares.downloadtimeout.DownloadTimeoutMiddleware',
 'scrapy.downloadermiddlewares.defaultheaders.DefaultHeadersMiddleware',
 'scrapy.downloadermiddlewares.useragent.UserAgentMiddleware',
 'scrapy.downloadermiddlewares.retry.RetryMiddleware',
 'scrapy.downloadermiddlewares.redirect.MetaRefreshMiddleware',
 'scrapy.downloadermiddlewares.httpcompression.HttpCompressionMiddleware',
 'scrapy.downloadermiddlewares.redirect.RedirectMiddleware',
 'scrapy.downloadermiddlewares.cookies.CookiesMiddleware',
 'scrapy.downloadermiddlewares.httpproxy.HttpProxyMiddleware',
 'scrapy.downloadermiddlewares.stats.DownloaderStats']
2026-10-02 09:58:52 [scrapy.middleware] INFO: Enabled spider middlewares:
['scrapy.spidermiddlewares.start.StartSpiderMiddleware',
 'scrapy.spidermiddlewares.httperror.HttpErrorMiddleware',
 'ufcjson.middlewares.UfcjsonSpiderMiddleware',
 'scrapy.spidermiddlewares.referer.RefererMiddleware',
 'scrapy.spidermiddlewares.urllength.UrlLengthMiddleware',
 'scrapy.spidermiddlewares.depth.DepthMiddleware',
 'scrapy.spidermiddlewares.metacopy.MetaCopyDetectionMiddleware']
2026-10-02 09:58:52 [scrapy.middleware] INFO: Enabled item pipelines:
['ufcjson.pipelines.UfcCountryCodePipeline',
 'ufcjson.pipelines.UfcDefaultPhotoPipeline',
 'ufcjson.pipelines.ImagesDownloadPipeline',
 'ufcjson.pipelines.TranslatorPipeline',
 'ufcjson.pipelines.JsonWriterPipeline',
 'ufcjson.pipelines.SqliteDbPipeline']
2026-10-02 09:58:52 [scrapy.core.engine] INFO: Spider opened
2026-10-02 09:58:52 [scrapy.extensions.logstats] INFO: Crawled 0 pages (at 0 pages/min), scraped 0 items (at 0 items/min)
2026-10-02 09:58:52 [eventpass] INFO: Spider opened: eventpass
2026-10-02 09:58:52 [scrapy.extensions.telnet] INFO: Telnet console listening on 127.0.0.1:6023
2026-10-02 09:58:52 [scrapy.extensions.remote_control] INFO: Remote control HTTP server listening on port 51402 (job 7512-e848f095edb340869f122206e5b42268)
2026-10-02 09:58:52 [eventpass] INFO: 请求列表页: https://www.sherdog.com/organizations/Ultimate-Fighting-Championship-UFC-2/recent-events/1
2026-10-02 09:58:52 [eventpass] INFO: 第 1 页获取到 100 场赛事
2026-10-02 09:58:52 [eventpass] INFO: UFC Fight Night 289 在刷新窗口内，重抓结果
2026-10-02 09:58:52 [eventpass] INFO: 准备抓取详情: UFC Fight Night 289 - https://www.sherdog.com/events/UFC-Fight-Night-289-Rosas-Jr-vs-Barcelos-113789
2026-10-02 09:58:52 [eventpass] INFO: UFC 331 已存在数据库，跳过
2026-10-02 09:58:52 [eventpass] INFO: UFC Fight Night 288 已存在数据库，跳过
2026-10-02 09:58:52 [eventpass] INFO: UFC Fight Night 287 已存在数据库，跳过
2026-10-02 09:58:52 [eventpass] INFO: UFC Fight Night 286 已存在数据库，跳过
2026-10-02 09:58:52 [eventpass] INFO: UFC - Road to UFC Season 5: Shanghai Semifinals 已存在数据库，跳过
2026-10-02 09:58:52 [eventpass] INFO: UFC Fight Night 285 已存在数据库，跳过
2026-10-02 09:58:52 [eventpass] INFO: UFC 330 已存在数据库，跳过
2026-10-02 09:58:52 [eventpass] INFO: UFC Fight Night 284 已存在数据库，跳过
2026-10-02 09:58:52 [eventpass] INFO: UFC Fight Night 283 已存在数据库，跳过
2026-10-02 09:58:52 [eventpass] INFO: UFC Fight Night 282 已存在数据库，跳过
2026-10-02 09:58:52 [eventpass] INFO: UFC Fight Night 281 已存在数据库，跳过
2026-10-02 09:58:52 [eventpass] INFO: UFC 329 已存在数据库，跳过
2026-10-02 09:58:52 [eventpass] INFO: UFC Fight Night 280 已存在数据库，跳过
2026-10-02 09:58:52 [eventpass] INFO: UFC Fight Night 279 已存在数据库，跳过
2026-10-02 09:58:52 [eventpass] INFO: UFC White House 已存在数据库，跳过
2026-10-02 09:58:52 [eventpass] INFO: UFC Fight Night 278 已存在数据库，跳过
2026-10-02 09:58:52 [eventpass] INFO: UFC Fight Night 277 已存在数据库，跳过
2026-10-02 09:58:52 [eventpass] INFO: UFC - Road to UFC Season 5: Macau Quarterfinals 2 已存在数据库，跳过
2026-10-02 09:58:52 [eventpass] INFO: UFC - Road to UFC Season 5: Macau Quarterfinals 1 已存在数据库，跳过
2026-10-02 09:58:52 [eventpass] INFO: UFC Fight Night 276 已存在数据库，跳过
2026-10-02 09:58:52 [eventpass] INFO: UFC 328 已存在数据库，跳过
2026-10-02 09:58:52 [eventpass] INFO: UFC Fight Night 275 已存在数据库，跳过
2026-10-02 09:58:52 [eventpass] INFO: UFC Fight Night 274 已存在数据库，跳过
2026-10-02 09:58:52 [eventpass] INFO: UFC Fight Night 273 已存在数据库，跳过
2026-10-02 09:58:52 [eventpass] INFO: UFC 327 已存在数据库，跳过
2026-10-02 09:58:52 [eventpass] INFO: UFC Fight Night 272 已存在数据库，跳过
2026-10-02 09:58:52 [eventpass] INFO: UFC Fight Night 271 已存在数据库，跳过
2026-10-02 09:58:52 [eventpass] INFO: UFC Fight Night 270 已存在数据库，跳过
2026-10-02 09:58:52 [eventpass] INFO: UFC Fight Night 269 已存在数据库，跳过
2026-10-02 09:58:52 [eventpass] INFO: UFC 326 已存在数据库，跳过
2026-10-02 09:58:52 [eventpass] INFO: UFC Fight Night 268 已存在数据库，跳过
2026-10-02 09:58:52 [eventpass] INFO: UFC Fight Night 267 已存在数据库，跳过
2026-10-02 09:58:52 [eventpass] INFO: UFC Fight Night 266 已存在数据库，跳过
2026-10-02 09:58:52 [eventpass] INFO: UFC 325 已存在数据库，跳过
2026-10-02 09:58:52 [eventpass] INFO: UFC 324 已存在数据库，跳过
2026-10-02 09:58:52 [eventpass] INFO: UFC on ESPN 73 已存在数据库，跳过
2026-10-02 09:58:52 [eventpass] INFO: UFC 323 已存在数据库，跳过
2026-10-02 09:58:52 [eventpass] INFO: UFC Fight Night 265 已存在数据库，跳过
2026-10-02 09:58:52 [eventpass] INFO: UFC 322 已存在数据库，跳过
2026-10-02 09:58:52 [eventpass] INFO: UFC Fight Night 264 已存在数据库，跳过
2026-10-02 09:58:52 [eventpass] INFO: UFC Fight Night 263 已存在数据库，跳过
2026-10-02 09:58:52 [eventpass] INFO: UFC 321 已存在数据库，跳过
2026-10-02 09:58:52 [eventpass] INFO: UFC Fight Night 262 已存在数据库，跳过
2026-10-02 09:58:52 [eventpass] INFO: UFC Fight Night 261 已存在数据库，跳过
2026-10-02 09:58:52 [eventpass] INFO: UFC 320 已存在数据库，跳过
2026-10-02 09:58:52 [eventpass] INFO: UFC Fight Night 260 已存在数据库，跳过
2026-10-02 09:58:52 [eventpass] INFO: UFC Fight Night 259 已存在数据库，跳过
2026-10-02 09:58:52 [eventpass] INFO: UFC Fight Night 258 已存在数据库，跳过
2026-10-02 09:58:52 [eventpass] INFO: UFC Fight Night 257 已存在数据库，跳过
2026-10-02 09:58:52 [eventpass] INFO: UFC - Road to UFC Season 4: Shanghai Semifinals 2 已存在数据库，跳过
2026-10-02 09:58:52 [eventpass] INFO: UFC - Road to UFC Season 4: Shanghai Semifinals 1 已存在数据库，跳过
2026-10-02 09:58:52 [eventpass] INFO: UFC 319 已存在数据库，跳过
2026-10-02 09:58:52 [eventpass] INFO: UFC on ESPN 72 已存在数据库，跳过
2026-10-02 09:58:52 [eventpass] INFO: UFC on ESPN 71 已存在数据库，跳过
2026-10-02 09:58:52 [eventpass] INFO: UFC on ABC 9 已存在数据库，跳过
2026-10-02 09:58:52 [eventpass] INFO: UFC 318 已存在数据库，跳过
2026-10-02 09:58:52 [eventpass] INFO: UFC on ESPN 70 已存在数据库，跳过
2026-10-02 09:58:52 [eventpass] INFO: UFC 317 已存在数据库，跳过
2026-10-02 09:58:52 [eventpass] INFO: UFC on ABC 8 已存在数据库，跳过
2026-10-02 09:58:52 [eventpass] INFO: UFC on ESPN 69 已存在数据库，跳过
2026-10-02 09:58:52 [eventpass] INFO: UFC 316 已存在数据库，跳过
2026-10-02 09:58:52 [eventpass] INFO: UFC on ESPN 68 已存在数据库，跳过
2026-10-02 09:58:52 [eventpass] INFO: UFC - Road to UFC Season 4: Shanghai Quarterfinals 4 已存在数据库，跳过
2026-10-02 09:58:52 [eventpass] INFO: UFC - Road to UFC Season 4: Shanghai Quarterfinals 3 已存在数据库，跳过
2026-10-02 09:58:52 [eventpass] INFO: UFC - Road to UFC Season 4: Shanghai Quarterfinals 2 已存在数据库，跳过
2026-10-02 09:58:52 [eventpass] INFO: UFC - Road to UFC Season 4: Shanghai Quarterfinals 1 已存在数据库，跳过
2026-10-02 09:58:52 [eventpass] INFO: UFC Fight Night 256 已存在数据库，跳过
2026-10-02 09:58:52 [eventpass] INFO: UFC 315 已存在数据库，跳过
2026-10-02 09:58:52 [eventpass] INFO: UFC on ESPN 67 已存在数据库，跳过
2026-10-02 09:58:52 [eventpass] INFO: UFC on ESPN 66 已存在数据库，跳过
2026-10-02 09:58:52 [eventpass] INFO: UFC 314 已存在数据库，跳过
2026-10-02 09:58:52 [eventpass] INFO: UFC on ESPN 65 已存在数据库，跳过
2026-10-02 09:58:52 [eventpass] INFO: UFC on ESPN 64 已存在数据库，跳过
2026-10-02 09:58:52 [eventpass] INFO: UFC Fight Night 255 已存在数据库，跳过
2026-10-02 09:58:52 [eventpass] INFO: UFC Fight Night 254 已存在数据库，跳过
2026-10-02 09:58:52 [eventpass] INFO: UFC 313 已存在数据库，跳过
2026-10-02 09:58:52 [eventpass] INFO: UFC Fight Night 253 已存在数据库，跳过
2026-10-02 09:58:52 [eventpass] INFO: UFC Fight Night 252 已存在数据库，跳过
2026-10-02 09:58:52 [eventpass] INFO: UFC Fight Night 251 已存在数据库，跳过
2026-10-02 09:58:52 [eventpass] INFO: UFC 312 已存在数据库，跳过
2026-10-02 09:58:52 [eventpass] INFO: UFC Fight Night 250 已存在数据库，跳过
2026-10-02 09:58:52 [eventpass] INFO: UFC 311 已存在数据库，跳过
2026-10-02 09:58:52 [eventpass] INFO: UFC Fight Night 249 已存在数据库，跳过
2026-10-02 09:58:52 [eventpass] INFO: UFC on ESPN 63 已存在数据库，跳过
2026-10-02 09:58:52 [eventpass] INFO: UFC 310 已存在数据库，跳过
2026-10-02 09:58:52 [eventpass] INFO: UFC Fight Night 248 已存在数据库，跳过
2026-10-02 09:58:52 [eventpass] INFO: UFC 309 已存在数据库，跳过
2026-10-02 09:58:52 [eventpass] INFO: UFC Fight Night 247 已存在数据库，跳过
2026-10-02 09:58:52 [eventpass] INFO: UFC Fight Night 246 已存在数据库，跳过
2026-10-02 09:58:52 [eventpass] INFO: UFC 308 已存在数据库，跳过
2026-10-02 09:58:52 [eventpass] INFO: UFC Fight Night 245 已存在数据库，跳过
2026-10-02 09:58:52 [eventpass] INFO: UFC Fight Night 244 已存在数据库，跳过
2026-10-02 09:58:52 [eventpass] INFO: UFC 307 已存在数据库，跳过
2026-10-02 09:58:52 [eventpass] INFO: UFC Fight Night 243 已存在数据库，跳过
2026-10-02 09:58:52 [eventpass] INFO: UFC 306 已存在数据库，跳过
2026-10-02 09:58:52 [eventpass] INFO: UFC Fight Night 242 已存在数据库，跳过
2026-10-02 09:58:52 [eventpass] INFO: UFC on ESPN 62 已存在数据库，跳过
2026-10-02 09:58:52 [eventpass] INFO: UFC - Road to UFC Season 3: Las Vegas Semifinals 2 已存在数据库，跳过
2026-10-02 09:58:52 [eventpass] INFO: UFC - Road to UFC Season 3: Las Vegas Semifinals 1 已存在数据库，跳过
2026-10-02 09:58:52 [eventpass] INFO: 第 1 页完成: 新增 0 场, 刷新 1 场, 跳过 99 场
2026-10-02 09:58:54 [eventpass] INFO: 抓取赛事详情: UFC Fight Night 289 - https://www.sherdog.com/events/UFC-Fight-Night-289-Rosas-Jr-vs-Barcelos-113789
2026-10-02 09:58:57 [eventpass] INFO: 抓取完成选手: Vanessa Demopoulos，战绩 11-9-0 (W-L-D)，历史 25 条
2026-10-02 09:58:58 [eventpass] INFO: 抓取完成选手: Yazmin Jauregui，战绩 12-2-0 (W-L-D)，历史 15 条
2026-10-02 09:59:04 [eventpass] INFO: 抓取完成选手: John Castaneda，战绩 21-9-1 (W-L-D)，历史 37 条
2026-10-02 09:59:04 [eventpass] INFO: 抓取完成选手: Heili Alateng，战绩 18-10-2 (W-L-D)，历史 30 条
2026-10-02 09:59:10 [eventpass] INFO: 抓取完成选手: Ricky Simon，战绩 22-8-1 (W-L-D)，历史 34 条
2026-10-02 09:59:13 [eventpass] INFO: 抓取完成选手: Montel Jackson，战绩 16-4-0 (W-L-D)，历史 24 条
2026-10-02 09:59:15 [eventpass] INFO: 抓取完成选手: Josiah Harrell，战绩 11-2-0 (W-L-D)，历史 18 条
2026-10-02 09:59:17 [eventpass] INFO: 抓取完成选手: Elves Brener，战绩 17-6-0 (W-L-D)，历史 23 条
2026-10-02 09:59:18 [eventpass] INFO: 抓取完成选手: Rodolfo Bellato，战绩 13-4-1 (W-L-D)，历史 19 条
2026-10-02 09:59:21 [eventpass] INFO: 抓取完成选手: Christian Edwards，战绩 9-5-0 (W-L-D)，历史 17 条
2026-10-02 09:59:23 [eventpass] INFO: 抓取完成选手: Robert Bryczek，战绩 18-8-0 (W-L-D)，历史 26 条
2026-10-02 09:59:25 [eventpass] INFO: 抓取完成选手: Rodolfo Vieira，战绩 12-5-0 (W-L-D)，历史 17 条
2026-10-02 09:59:27 [eventpass] INFO: 抓取完成选手: Rinya Nakamura，战绩 10-2-0 (W-L-D)，历史 12 条
2026-10-02 09:59:28 [eventpass] INFO: 抓取完成选手: Brady Hiestand，战绩 9-2-0 (W-L-D)，历史 19 条
2026-10-02 09:59:30 [eventpass] INFO: 抓取完成选手: Melissa Amaya，战绩 8-1-0 (W-L-D)，历史 9 条
2026-10-02 09:59:32 [eventpass] INFO: 抓取完成选手: Valesca Machado，战绩 16-4-0 (W-L-D)，历史 21 条
2026-10-02 09:59:34 [eventpass] INFO: 抓取完成选手: Mehemmedali Osmanli，战绩 11-2-0 (W-L-D)，历史 13 条
2026-10-02 09:59:38 [eventpass] INFO: 抓取完成选手: Ilimbek Akylbek Uulu，战绩 10-3-0 (W-L-D)，历史 13 条
2026-10-02 09:59:38 [eventpass] INFO: 抓取完成选手: Sedriques Dumas，战绩 10-6-0 (W-L-D)，历史 26 条
2026-10-02 09:59:41 [eventpass] INFO: 抓取完成选手: Luis Hernandez，战绩 9-0-0 (W-L-D)，历史 15 条
2026-10-02 09:59:41 [eventpass] INFO: 抓取完成选手: Norma Dumont，战绩 13-4-0 (W-L-D)，历史 17 条
2026-10-02 09:59:43 [eventpass] INFO: 抓取完成选手: Ailin Perez，战绩 14-2-0 (W-L-D)，历史 17 条
2026-10-02 09:59:45 [eventpass] INFO: 抓取完成选手: Raoni Barcelos，战绩 22-6-0 (W-L-D)，历史 28 条
2026-10-02 09:59:47 [eventpass] INFO: 抓取完成选手: Raul Rosas Jr.，战绩 13-1-0 (W-L-D)，历史 20 条
2026-10-02 09:59:47 [scrapy.core.engine] INFO: Closing spider (finished)
2026-10-02 09:59:47 [eventpass] INFO: 爬取结束，共翻页 1 次，新增赛事 0 场，刷新 1 场，跳过 99 场
2026-10-02 09:59:47 [scrapy.statscollectors] INFO: Dumping Scrapy stats:
{'downloader/request_bytes': 16492,
 'downloader/request_count': 26,
 'downloader/request_method_count/GET': 26,
 'downloader/response_bytes': 724113,
 'downloader/response_count': 26,
 'downloader/response_status_count/200': 26,
 'elapsed_time_seconds': 55.17759293799463,
 'file_count': 24,
 'file_status_count/uptodate': 24,
 'finish_reason': 'finished',
 'finish_time': datetime.datetime(2026, 10, 2, 1, 59, 47, 428946, tzinfo=datetime.timezone.utc),
 'httpcompression/response_bytes': 2817910,
 'httpcompression/response_count': 26,
 'item_scraped_count': 37,
 'items_per_minute': 40.36363636363637,
 'log_count/INFO': 135,
 'memusage/max': 73056256,
 'memusage/startup': 73056256,
 'request_depth_max': 2,
 'response_received_count': 26,
 'responses_per_minute': 28.363636363636363,
 'scheduler/dequeued': 26,
 'scheduler/dequeued/memory': 26,
 'scheduler/enqueued': 26,
 'scheduler/enqueued/memory': 26,
 'start_time': datetime.datetime(2026, 10, 2, 1, 58, 52, 251365, tzinfo=datetime.timezone.utc)}
2026-10-02 09:59:47 [scrapy.core.engine] INFO: Spider closed (finished)
2026-10-02 09:59:48 [scrapy.utils.log] INFO: Scrapy 2.19.0 started (bot: ufcjson)
2026-10-02 09:59:48 [scrapy.utils.log] INFO: Versions:
{'lxml': '6.1.3',
 'libxml2': '2.14.6',
 'cssselect': '1.5.0',
 'parsel': '1.11.0',
 'w3lib': '2.4.1',
 'Twisted': '26.4.0',
 'Python': '3.12.4 | packaged by Anaconda, Inc. | (main, Jun 18 2024, '
           '10:14:12) [Clang 14.0.6 ]',
 'pyOpenSSL': '26.4.0 (OpenSSL 3.4.1 11 Feb 2025)',
 'cryptography': '50.0.1',
 'Platform': 'macOS-10.16-x86_64-i386-64bit'}
2026-10-02 09:59:48 [scrapy.addons] INFO: Enabled addons:
[]
2026-10-02 09:59:48 [scrapy.extensions.telnet] INFO: Telnet Password: afaeef403a4142e7
2026-10-02 09:59:49 [scrapy.middleware] INFO: Enabled extensions:
['scrapy.extensions.corestats.CoreStats',
 'scrapy.extensions.logcount.LogCount',
 'scrapy.extensions.telnet.TelnetConsole',
 'scrapy.extensions.memusage.MemoryUsage',
 'scrapy.extensions.logstats.LogStats',
 'scrapy.extensions.throttle.AutoThrottle',
 'scrapy.extensions.remote_control.RemoteControl']
2026-10-02 09:59:49 [scrapy.crawler] INFO: Overridden settings:
{'AUTOTHROTTLE_ENABLED': True,
 'AUTOTHROTTLE_MAX_DELAY': 30,
 'AUTOTHROTTLE_START_DELAY': 1.5,
 'BOT_NAME': 'ufcjson',
 'CONCURRENT_REQUESTS_PER_DOMAIN': 1,
 'DOWNLOAD_DELAY': 1.5,
 'FEED_EXPORT_ENCODING': 'utf-8',
 'IMAGES_STORE': '/Users/apple/CodeProject/UFC-Project/DogMaker/ufcjson/../output/images',
 'LOG_FILE': './log/scrapy_log.log',
 'LOG_LEVEL': 'INFO',
 'NEWSPIDER_MODULE': 'ufcjson.spiders',
 'RETRY_HTTP_CODES': [500, 502, 503, 504, 522, 524, 408, 429, 403],
 'RETRY_TIMES': 3,
 'SPIDER_MODULES': ['ufcjson.spiders'],
 'USER_AGENT': 'Mozilla/5.0 (Macintosh; Intel Mac OS X 10_15_7) '
               'AppleWebKit/537.36 (KHTML, like Gecko) Chrome/128.0.0.0 '
               'Safari/537.36'}
2026-10-02 09:59:49 [scrapy.middleware] INFO: Enabled downloader middlewares:
['scrapy.downloadermiddlewares.offsite.OffsiteMiddleware',
 'scrapy.downloadermiddlewares.httpauth.HttpAuthMiddleware',
 'scrapy.downloadermiddlewares.downloadtimeout.DownloadTimeoutMiddleware',
 'scrapy.downloadermiddlewares.defaultheaders.DefaultHeadersMiddleware',
 'scrapy.downloadermiddlewares.useragent.UserAgentMiddleware',
 'scrapy.downloadermiddlewares.retry.RetryMiddleware',
 'scrapy.downloadermiddlewares.redirect.MetaRefreshMiddleware',
 'scrapy.downloadermiddlewares.httpcompression.HttpCompressionMiddleware',
 'scrapy.downloadermiddlewares.redirect.RedirectMiddleware',
 'scrapy.downloadermiddlewares.cookies.CookiesMiddleware',
 'scrapy.downloadermiddlewares.httpproxy.HttpProxyMiddleware',
 'scrapy.downloadermiddlewares.stats.DownloaderStats']
2026-10-02 09:59:49 [scrapy.middleware] INFO: Enabled spider middlewares:
['scrapy.spidermiddlewares.start.StartSpiderMiddleware',
 'scrapy.spidermiddlewares.httperror.HttpErrorMiddleware',
 'ufcjson.middlewares.UfcjsonSpiderMiddleware',
 'scrapy.spidermiddlewares.referer.RefererMiddleware',
 'scrapy.spidermiddlewares.urllength.UrlLengthMiddleware',
 'scrapy.spidermiddlewares.depth.DepthMiddleware',
 'scrapy.spidermiddlewares.metacopy.MetaCopyDetectionMiddleware']
2026-10-02 09:59:49 [scrapy.middleware] INFO: Enabled item pipelines:
['ufcjson.pipelines.UfcCountryCodePipeline',
 'ufcjson.pipelines.UfcDefaultPhotoPipeline',
 'ufcjson.pipelines.ImagesDownloadPipeline',
 'ufcjson.pipelines.TranslatorPipeline',
 'ufcjson.pipelines.JsonWriterPipeline',
 'ufcjson.pipelines.SqliteDbPipeline']
2026-10-02 09:59:49 [scrapy.core.engine] INFO: Spider opened
2026-10-02 09:59:49 [scrapy.extensions.logstats] INFO: Crawled 0 pages (at 0 pages/min), scraped 0 items (at 0 items/min)
2026-10-02 09:59:49 [upcoming] INFO: Spider opened: upcoming
2026-10-02 09:59:49 [scrapy.extensions.telnet] INFO: Telnet console listening on 127.0.0.1:6023
2026-10-02 09:59:49 [scrapy.extensions.remote_control] INFO: Remote control HTTP server listening on port 51529 (job 7528-2bb7efd9201745c383ff1c19d27e30ff)
2026-10-02 09:59:49 [upcoming] INFO: 请求列表页: https://www.sherdog.com/organizations/Ultimate-Fighting-Championship-UFC-2/recent-events/1
2026-10-02 09:59:49 [upcoming] INFO: 获取到 9 场即将到来的赛事
2026-10-02 09:59:49 [upcoming] INFO: 准备抓取详情: UFC332 - Silva vs Wang - https://www.sherdog.com/events/UFC-332-Silva-vs-Wang-114123
2026-10-02 09:59:49 [upcoming] INFO: 准备抓取详情: UFCFightNight - Allen vs Duncan - https://www.sherdog.com/events/UFC-Fight-Night-290-Allen-vs-Duncan-113919
2026-10-02 09:59:49 [upcoming] INFO: 准备抓取详情: UFCFightNight - Buckley vs Malott - https://www.sherdog.com/events/UFC-Fight-Night-291-Buckley-vs-Malott-113800
2026-10-02 09:59:49 [upcoming] INFO: 准备抓取详情: UFC333 - Volkanovski vs Evloev - https://www.sherdog.com/events/UFC-333-Volkanovski-vs-Evloev-113863
2026-10-02 09:59:49 [upcoming] INFO: 准备抓取详情: UFCFightNight - Moicano vs Nolan - https://www.sherdog.com/events/UFC-Fight-Night-292-Moicano-vs-Nolan-114214
2026-10-02 09:59:49 [upcoming] INFO: 准备抓取详情: UFCFightNight - Bonfim vs Brady - https://www.sherdog.com/events/UFC-Fight-Night-293-Bonfim-vs-Brady-114213
2026-10-02 09:59:49 [upcoming] INFO: 准备抓取详情: UFC334 - Gane vs Hokit - https://www.sherdog.com/events/UFC-334-Gane-vs-Hokit-114293
2026-10-02 09:59:49 [upcoming] INFO: 准备抓取详情: UFCFightNight - Prochazka vs Stirling - https://www.sherdog.com/events/UFC-Fight-Night-294-Prochazka-vs-Stirling-114295
2026-10-02 09:59:49 [upcoming] INFO: 准备抓取详情: UFC335 - TBD vs TBD - https://www.sherdog.com/events/UFC-335-TBA-114294
2026-10-02 09:59:51 [upcoming] INFO: 抓取赛事详情: UFC335 - https://www.sherdog.com/events/UFC-335-TBA-114294
2026-10-02 09:59:51 [upcoming] INFO: 完成抓取比赛: UFC335，共 1 张对局卡
2026-10-02 09:59:52 [upcoming] INFO: 抓取赛事详情: UFCFightNight - https://www.sherdog.com/events/UFC-Fight-Night-294-Prochazka-vs-Stirling-114295
2026-10-02 09:59:52 [upcoming] INFO: 完成抓取比赛: UFCFightNight，共 10 张对局卡
2026-10-02 09:59:54 [upcoming] INFO: 抓取赛事详情: UFC334 - https://www.sherdog.com/events/UFC-334-Gane-vs-Hokit-114293
2026-10-02 09:59:54 [upcoming] INFO: 完成抓取比赛: UFC334，共 13 张对局卡
2026-10-02 09:59:56 [upcoming] INFO: 抓取赛事详情: UFCFightNight - https://www.sherdog.com/events/UFC-Fight-Night-293-Bonfim-vs-Brady-114213
2026-10-02 09:59:56 [upcoming] INFO: 完成抓取比赛: UFCFightNight，共 13 张对局卡
2026-10-02 09:59:57 [upcoming] INFO: 抓取赛事详情: UFCFightNight - https://www.sherdog.com/events/UFC-Fight-Night-292-Moicano-vs-Nolan-114214
2026-10-02 09:59:57 [upcoming] INFO: 完成抓取比赛: UFCFightNight，共 11 张对局卡
2026-10-02 09:59:59 [upcoming] INFO: 抓取赛事详情: UFC333 - https://www.sherdog.com/events/UFC-333-Volkanovski-vs-Evloev-113863
2026-10-02 09:59:59 [upcoming] INFO: 完成抓取比赛: UFC333，共 12 张对局卡
2026-10-02 10:00:02 [upcoming] INFO: 抓取赛事详情: UFCFightNight - https://www.sherdog.com/events/UFC-Fight-Night-291-Buckley-vs-Malott-113800
2026-10-02 10:00:02 [upcoming] INFO: 完成抓取比赛: UFCFightNight，共 13 张对局卡
2026-10-02 10:00:04 [upcoming] INFO: 抓取赛事详情: UFCFightNight - https://www.sherdog.com/events/UFC-Fight-Night-290-Allen-vs-Duncan-113919
2026-10-02 10:00:04 [upcoming] INFO: 完成抓取比赛: UFCFightNight，共 12 张对局卡
2026-10-02 10:00:06 [upcoming] INFO: 抓取赛事详情: UFC332 - https://www.sherdog.com/events/UFC-332-Silva-vs-Wang-114123
2026-10-02 10:00:06 [upcoming] INFO: 完成抓取比赛: UFC332，共 14 张对局卡
2026-10-02 10:00:07 [upcoming] INFO: 抓取完成选手: Charles Johnson，战绩 20-9-0 (W-L-D)，历史 33 条
2026-10-02 10:00:09 [upcoming] INFO: 抓取完成选手: Brandon Moreno，战绩 24-10-2 (W-L-D)，历史 37 条
2026-10-02 10:00:17 [upcoming] INFO: 抓取完成选手: Manoel Sousa，战绩 15-1-0 (W-L-D)，历史 18 条
2026-10-02 10:00:49 [scrapy.extensions.logstats] INFO: Crawled 13 pages (at 13 pages/min), scraped 12 items (at 12 items/min)
2026-10-02 10:00:54 [upcoming] INFO: 抓取完成选手: Tahir Abdullayev，战绩 20-3-0 (W-L-D)，历史 25 条
2026-10-02 10:00:56 [upcoming] INFO: 抓取完成选手: Jake Matthews，战绩 23-8-0 (W-L-D)，历史 31 条
2026-10-02 10:01:32 [upcoming] INFO: 抓取完成选手: Alessandro Costa，战绩 17-5-0 (W-L-D)，历史 22 条
2026-10-02 10:01:47 [upcoming] INFO: 抓取完成选手: Amir Albazi，战绩 17-3-0 (W-L-D)，历史 20 条
2026-10-02 10:01:49 [scrapy.extensions.logstats] INFO: Crawled 17 pages (at 4 pages/min), scraped 16 items (at 4 items/min)
2026-10-02 10:02:07 [upcoming] INFO: 抓取完成选手: Tallison Teixeira，战绩 9-2-0 (W-L-D)，历史 11 条
2026-10-02 10:02:07 [upcoming] INFO: 抓取完成选手: Shamil Gaziev，战绩 15-3-0 (W-L-D)，历史 28 条
2026-10-02 10:02:16 [upcoming] INFO: 抓取完成选手: Santiago Luna，战绩 8-1-0 (W-L-D)，历史 12 条
2026-10-02 10:02:21 [upcoming] INFO: 抓取完成选手: Nazim Sadykhov，战绩 11-3-1 (W-L-D)，历史 18 条
2026-10-02 10:02:24 [upcoming] INFO: 抓取完成选手: Wesley Schultz，战绩 9-4-0 (W-L-D)，历史 20 条
2026-10-02 10:02:26 [upcoming] INFO: 抓取完成选手: Ode Osbourne，战绩 13-9-0 (W-L-D)，历史 27 条
2026-10-02 10:02:28 [upcoming] INFO: 抓取完成选手: Bolaji Oki，战绩 10-4-0 (W-L-D)，历史 15 条
2026-10-02 10:02:30 [upcoming] INFO: 抓取完成选手: Cristian Perez，战绩 15-2-0 (W-L-D)，历史 22 条
2026-10-02 10:02:32 [upcoming] INFO: 抓取完成选手: Leon Shahbazyan，战绩 12-5-0 (W-L-D)，历史 22 条
2026-10-02 10:02:33 [upcoming] INFO: 抓取完成选手: Bruce Whitehead，战绩 8-2-0 (W-L-D)，历史 13 条
2026-10-02 10:02:35 [upcoming] INFO: 抓取完成选手: Jacobe Smith，战绩 12-0-0 (W-L-D)，历史 12 条
2026-10-02 10:02:36 [upcoming] INFO: 抓取完成选手: Eric Nolan，战绩 8-5-0 (W-L-D)，历史 19 条
2026-10-02 10:02:40 [upcoming] INFO: 抓取完成选手: Court McGee，战绩 22-14-0 (W-L-D)，历史 41 条
2026-10-02 10:02:41 [upcoming] INFO: 抓取完成选手: Ismail Naurdiev，战绩 25-8-0 (W-L-D)，历史 33 条
2026-10-02 10:02:44 [upcoming] INFO: 抓取完成选手: Marvin Vettori，战绩 19-10-1 (W-L-D)，历史 33 条
2026-10-02 10:02:46 [upcoming] INFO: 抓取完成选手: Alexander Hernandez，战绩 18-9-0 (W-L-D)，历史 30 条
2026-10-02 10:02:48 [upcoming] INFO: 抓取完成选手: Rafael dos Anjos，战绩 32-17-0 (W-L-D)，历史 49 条
2026-10-02 10:02:49 [scrapy.extensions.logstats] INFO: Crawled 34 pages (at 17 pages/min), scraped 33 items (at 17 items/min)
2026-10-02 10:02:50 [upcoming] INFO: 抓取完成选手: Mick Parkin，战绩 10-1-0 (W-L-D)，历史 17 条
2026-10-02 10:02:52 [upcoming] INFO: 抓取完成选手: Johnny Walker，战绩 22-10-0 (W-L-D)，历史 33 条
2026-10-02 10:02:54 [upcoming] INFO: 抓取完成选手: Lucas Armand，战绩 6-0-0 (W-L-D)，历史 14 条
2026-10-02 10:02:56 [upcoming] INFO: 抓取完成选手: Anthony Wint，战绩 8-0-0 (W-L-D)，历史 11 条
2026-10-02 10:02:58 [upcoming] INFO: 抓取完成选手: Anthony Romero，战绩 7-2-0 (W-L-D)，历史 14 条
2026-10-02 10:03:00 [upcoming] INFO: 抓取完成选手: Marcus McGhee，战绩 11-2-0 (W-L-D)，历史 18 条
2026-10-02 10:03:02 [upcoming] INFO: 抓取完成选手: Andrey Pulyaev，战绩 10-5-0 (W-L-D)，历史 16 条
2026-10-02 10:03:04 [upcoming] INFO: 抓取完成选手: Damian Pinas，战绩 10-1-0 (W-L-D)，历史 11 条
2026-10-02 10:03:06 [upcoming] INFO: 抓取完成选手: Alden Coria，战绩 13-3-0 (W-L-D)，历史 21 条
2026-10-02 10:03:10 [upcoming] INFO: 抓取完成选手: Imanol Rodriguez，战绩 7-0-0 (W-L-D)，历史 7 条
2026-10-02 10:03:11 [upcoming] INFO: 抓取完成选手: Roman Kopylov，战绩 15-5-0 (W-L-D)，历史 20 条
2026-10-02 10:03:16 [upcoming] INFO: 抓取完成选手: Ateba Abega Gautier，战绩 11-1-0 (W-L-D)，历史 12 条
2026-10-02 10:03:16 [upcoming] INFO: 抓取完成选手: Roberto Soldic，战绩 21-4-0 (W-L-D)，历史 26 条
2026-10-02 10:03:20 [upcoming] INFO: 抓取完成选手: Kalinn Williams，战绩 16-5-0 (W-L-D)，历史 23 条
2026-10-02 10:03:23 [upcoming] INFO: 抓取完成选手: Esteban Ribovics，战绩 16-3-0 (W-L-D)，历史 19 条
2026-10-02 10:03:25 [upcoming] INFO: 抓取完成选手: King Green，战绩 36-17-1 (W-L-D)，历史 55 条
2026-10-02 10:03:26 [upcoming] INFO: 抓取完成选手: Payton Talbott，战绩 11-1-0 (W-L-D)，历史 17 条
2026-10-02 10:03:28 [upcoming] INFO: 抓取完成选手: Deiveson Figueiredo，战绩 25-7-1 (W-L-D)，历史 33 条
2026-10-02 10:03:31 [upcoming] INFO: 抓取完成选手: Cong Wang，战绩 10-1-0 (W-L-D)，历史 11 条
2026-10-02 10:03:33 [upcoming] INFO: 抓取完成选手: Natalia Silva，战绩 20-5-1 (W-L-D)，历史 26 条
2026-10-02 10:03:37 [upcoming] INFO: 抓取完成选手: Niko Price，战绩 16-11-0 (W-L-D)，历史 29 条
2026-10-02 10:03:38 [upcoming] INFO: 抓取完成选手: Melissa Gatto，战绩 9-3-2 (W-L-D)，历史 15 条
2026-10-02 10:03:41 [upcoming] INFO: 抓取完成选手: Ernesta Kareckaite，战绩 6-2-1 (W-L-D)，历史 9 条
2026-10-02 10:03:45 [upcoming] INFO: 抓取完成选手: Brendson Ribeiro，战绩 17-11-0 (W-L-D)，历史 29 条
2026-10-02 10:03:49 [scrapy.extensions.logstats] INFO: Crawled 58 pages (at 24 pages/min), scraped 57 items (at 24 items/min)
2026-10-02 10:03:52 [upcoming] INFO: 抓取完成选手: Felipe Franco，战绩 11-2-0 (W-L-D)，历史 13 条
2026-10-02 10:03:53 [upcoming] INFO: 抓取完成选手: Alice Pereira，战绩 7-1-0 (W-L-D)，历史 8 条
2026-10-02 10:04:00 [upcoming] INFO: 抓取完成选手: Darya Zheleznyakova，战绩 10-3-0 (W-L-D)，历史 13 条
2026-10-02 10:04:04 [upcoming] INFO: 抓取完成选手: Allen Frye，战绩 6-1-0 (W-L-D)，历史 9 条
2026-10-02 10:04:06 [upcoming] INFO: 抓取完成选手: Richard Harris，战绩 6-0-0 (W-L-D)，历史 12 条
2026-10-02 10:04:07 [upcoming] INFO: 抓取完成选手: Kai Kamaka III，战绩 18-8-1 (W-L-D)，历史 30 条
2026-10-02 10:04:10 [upcoming] INFO: 抓取完成选手: Andre Fili，战绩 25-14-0 (W-L-D)，历史 40 条
2026-10-02 10:04:11 [upcoming] INFO: 抓取完成选手: Ismael Bonfim，战绩 20-7-0 (W-L-D)，历史 27 条
2026-10-02 10:04:13 [upcoming] INFO: 抓取完成选手: Francisco Prado，战绩 12-5-0 (W-L-D)，历史 17 条
2026-10-02 10:04:14 [upcoming] INFO: 抓取完成选手: Otari Tanzilovi，战绩 10-2-0 (W-L-D)，历史 15 条
2026-10-02 10:04:16 [upcoming] INFO: 抓取完成选手: Malcolm Wellmaker，战绩 10-2-0 (W-L-D)，历史 21 条
2026-10-02 10:04:19 [upcoming] INFO: 抓取完成选手: Julius Walker，战绩 7-3-0 (W-L-D)，历史 20 条
2026-10-02 10:04:20 [upcoming] INFO: 抓取完成选手: Gerald Meerschaert，战绩 37-22-0 (W-L-D)，历史 59 条
2026-10-02 10:04:21 [upcoming] INFO: 抓取完成选手: Ketlen Souza，战绩 17-6-0 (W-L-D)，历史 23 条
2026-10-02 10:04:26 [upcoming] INFO: 抓取完成选手: Lupita Godinez，战绩 14-6-0 (W-L-D)，历史 28 条
2026-10-02 10:04:27 [upcoming] INFO: 抓取完成选手: Christian Leroy Duncan，战绩 15-2-0 (W-L-D)，历史 40 条
2026-10-02 10:04:33 [upcoming] INFO: 抓取完成选手: Brendan Allen，战绩 27-7-0 (W-L-D)，历史 40 条
2026-10-02 10:04:37 [upcoming] INFO: 抓取完成选手: Jai Herbert，战绩 14-6-1 (W-L-D)，历史 28 条
2026-10-02 10:04:37 [upcoming] INFO: 抓取完成选手: Matheus Camilo，战绩 11-3-0 (W-L-D)，历史 14 条
2026-10-02 10:04:40 [upcoming] INFO: 抓取完成选手: Kyle Nelson，战绩 17-7-1 (W-L-D)，历史 26 条
2026-10-02 10:04:41 [upcoming] INFO: 抓取完成选手: Cody Chovancek，战绩 9-0-0 (W-L-D)，历史 14 条
2026-10-02 10:04:43 [upcoming] INFO: 抓取完成选手: Su Young You，战绩 16-4-0 (W-L-D)，历史 22 条
2026-10-02 10:04:45 [upcoming] INFO: 抓取完成选手: Javad Mahjoub，战绩 5-0-0 (W-L-D)，历史 5 条
2026-10-02 10:04:47 [upcoming] INFO: 抓取完成选手: Joel Faglier，战绩 6-0-0 (W-L-D)，历史 14 条
2026-10-02 10:04:49 [upcoming] INFO: 抓取完成选手: Steven Koslow，战绩 6-1-0 (W-L-D)，历史 10 条
2026-10-02 10:04:49 [scrapy.extensions.logstats] INFO: Crawled 83 pages (at 25 pages/min), scraped 82 items (at 25 items/min)
2026-10-02 10:04:50 [upcoming] INFO: 抓取完成选手: Chad Anheliger，战绩 13-8-0 (W-L-D)，历史 22 条
2026-10-02 10:04:52 [upcoming] INFO: 抓取完成选手: Nick Galanti，战绩 8-1-0 (W-L-D)，历史 15 条
2026-10-02 10:04:54 [upcoming] INFO: 抓取完成选手: Julien Leblanc，战绩 10-3-0 (W-L-D)，历史 13 条
2026-10-02 10:04:56 [upcoming] INFO: 抓取完成选手: Jhonata Diniz，战绩 9-2-0 (W-L-D)，历史 11 条
2026-10-02 10:05:01 [upcoming] INFO: 抓取完成选手: Tanner Boser，战绩 22-11-1 (W-L-D)，历史 34 条
2026-10-02 10:05:01 [upcoming] INFO: 抓取完成选手: Timothy Cuamba，战绩 10-4-0 (W-L-D)，历史 19 条
2026-10-02 10:05:06 [upcoming] INFO: 抓取完成选手: Louis Jourdain，战绩 9-3-0 (W-L-D)，历史 16 条
2026-10-02 10:05:07 [upcoming] INFO: 抓取完成选手: Chelsea Chandler，战绩 7-4-0 (W-L-D)，历史 11 条
2026-10-02 10:05:09 [upcoming] INFO: 抓取完成选手: Melissa Croden，战绩 8-3-0 (W-L-D)，历史 16 条
2026-10-02 10:05:11 [upcoming] INFO: 抓取完成选手: Katlyn Cerminara，战绩 18-6-0 (W-L-D)，历史 31 条
2026-10-02 10:05:13 [upcoming] INFO: 抓取完成选手: Mackenzie Stiller，战绩 6-1-0 (W-L-D)，历史 10 条
2026-10-02 10:05:14 [upcoming] INFO: 抓取完成选手: Kyle Daukaus，战绩 17-5-0 (W-L-D)，历史 32 条
2026-10-02 10:05:16 [upcoming] INFO: 抓取完成选手: Marc-Andre Barriault，战绩 17-11-0 (W-L-D)，历史 29 条
2026-10-02 10:05:18 [upcoming] INFO: 抓取完成选手: Nate Landwehr，战绩 18-8-0 (W-L-D)，历史 26 条
2026-10-02 10:05:20 [upcoming] INFO: 抓取完成选手: Mandel Nallo，战绩 14-4-0 (W-L-D)，历史 19 条
2026-10-02 10:05:22 [upcoming] INFO: 抓取完成选手: Jasmine Jasudavicius，战绩 15-4-0 (W-L-D)，历史 23 条
2026-10-02 10:05:24 [upcoming] INFO: 抓取完成选手: Erin Blanchfield，战绩 14-2-0 (W-L-D)，历史 16 条
2026-10-02 10:05:26 [upcoming] INFO: 抓取完成选手: Mike Malott，战绩 14-2-1 (W-L-D)，历史 17 条
2026-10-02 10:05:30 [upcoming] INFO: 抓取完成选手: Joaquin Buckley，战绩 21-8-0 (W-L-D)，历史 30 条
2026-10-02 10:05:31 [upcoming] INFO: 抓取完成选手: Daniel Santos，战绩 14-3-0 (W-L-D)，历史 17 条
2026-10-02 10:05:33 [upcoming] INFO: 抓取完成选手: Colby Thicknesse，战绩 9-1-0 (W-L-D)，历史 18 条
2026-10-02 10:05:34 [upcoming] INFO: 抓取完成选手: Asaf Chopurov，战绩 11-0-0 (W-L-D)，历史 18 条
2026-10-02 10:05:36 [upcoming] INFO: 抓取完成选手: Jacob Malkoun，战绩 10-3-0 (W-L-D)，历史 15 条
2026-10-02 10:05:38 [upcoming] INFO: 抓取完成选手: Abubakar Vagaev，战绩 25-4-0 (W-L-D)，历史 29 条
2026-10-02 10:05:40 [upcoming] INFO: 抓取完成选手: Cameron Rowston，战绩 15-3-0 (W-L-D)，历史 21 条
2026-10-02 10:05:43 [upcoming] INFO: 抓取完成选手: Abus Magomedov，战绩 29-7-1 (W-L-D)，历史 37 条
2026-10-02 10:05:44 [upcoming] INFO: 抓取完成选手: Nurullo Aliev，战绩 12-0-0 (W-L-D)，历史 15 条
2026-10-02 10:05:45 [upcoming] INFO: 抓取完成选手: Grant Dawson，战绩 24-3-1 (W-L-D)，历史 36 条
2026-10-02 10:05:47 [upcoming] INFO: 抓取完成选手: Abdul-Rakhman Yakhyaev，战绩 10-0-0 (W-L-D)，历史 10 条
2026-10-02 10:05:49 [scrapy.extensions.logstats] INFO: Crawled 113 pages (at 30 pages/min), scraped 111 items (at 29 items/min)
2026-10-02 10:05:50 [upcoming] INFO: 抓取完成选手: Nikita Krylov，战绩 31-12-0 (W-L-D)，历史 44 条
2026-10-02 10:05:52 [upcoming] INFO: 抓取完成选手: Azamat Murzakanov，战绩 16-1-0 (W-L-D)，历史 17 条
2026-10-02 10:05:53 [upcoming] INFO: 抓取完成选手: Dominick Reyes，战绩 16-5-0 (W-L-D)，历史 26 条
2026-10-02 10:05:55 [upcoming] INFO: 抓取完成选手: Ramazonbek Temirov，战绩 20-3-0 (W-L-D)，历史 23 条
2026-10-02 10:05:56 [upcoming] INFO: 抓取完成选手: Lone'er Kavanagh，战绩 10-2-0 (W-L-D)，历史 19 条
2026-10-02 10:05:58 [upcoming] INFO: 抓取完成选手: Losene Keita，战绩 17-2-0 (W-L-D)，历史 22 条
2026-10-02 10:06:00 [upcoming] INFO: 抓取完成选手: Aaron Pico，战绩 14-5-0 (W-L-D)，历史 19 条
2026-10-02 10:06:02 [upcoming] INFO: 抓取完成选手: Rizvan Kuniev，战绩 14-3-1 (W-L-D)，历史 36 条
2026-10-02 10:06:04 [upcoming] INFO: 抓取完成选手: Alexander Volkov，战绩 40-11-0 (W-L-D)，历史 51 条
2026-10-02 10:06:06 [upcoming] INFO: 抓取完成选手: Merab Dvalishvili，战绩 21-5-0 (W-L-D)，历史 28 条
2026-10-02 10:06:08 [upcoming] INFO: 抓取完成选手: Petr Yan，战绩 20-5-0 (W-L-D)，历史 28 条
2026-10-02 10:06:10 [upcoming] INFO: 抓取完成选手: Movsar Evloev，战绩 20-0-0 (W-L-D)，历史 20 条
2026-10-02 10:06:15 [upcoming] INFO: 抓取完成选手: Alexander Volkanovski，战绩 28-4-0 (W-L-D)，历史 32 条
2026-10-02 10:06:17 [upcoming] INFO: 抓取完成选手: Cody Durden，战绩 18-11-1 (W-L-D)，历史 31 条
2026-10-02 10:06:20 [upcoming] INFO: 抓取完成选手: Talita Alencar，战绩 8-1-1 (W-L-D)，历史 10 条
2026-10-02 10:06:23 [upcoming] INFO: 抓取完成选手: Piera Rodriguez，战绩 12-2-0 (W-L-D)，历史 15 条
2026-10-02 10:06:23 [upcoming] INFO: 抓取完成选手: Farman Hasanov，战绩 5-0-0 (W-L-D)，历史 6 条
2026-10-02 10:06:26 [upcoming] INFO: 抓取完成选手: Jean-Paul Lebosnoyani，战绩 11-2-0 (W-L-D)，历史 20 条
2026-10-02 10:06:27 [upcoming] INFO: 抓取完成选手: Tainara Lisboa，战绩 7-4-0 (W-L-D)，历史 11 条
2026-10-02 10:06:29 [upcoming] INFO: 抓取完成选手: Lucia Szabova，战绩 10-0-0 (W-L-D)，历史 10 条
2026-10-02 10:06:30 [upcoming] INFO: 抓取完成选手: Joseph Kropschot，战绩 9-3-0 (W-L-D)，历史 15 条
2026-10-02 10:06:32 [upcoming] INFO: 抓取完成选手: Nick Klein，战绩 6-3-0 (W-L-D)，历史 17 条
2026-10-02 10:06:33 [upcoming] INFO: 抓取完成选手: Azamat Bekoev，战绩 20-5-0 (W-L-D)，历史 26 条
2026-10-02 10:06:35 [upcoming] INFO: 抓取完成选手: Andre Petroski，战绩 13-6-0 (W-L-D)，历史 29 条
2026-10-02 10:06:49 [scrapy.extensions.logstats] INFO: Crawled 137 pages (at 24 pages/min), scraped 135 items (at 24 items/min)
2026-10-02 10:07:21 [upcoming] INFO: 抓取完成选手: Gaston Bolanos，战绩 9-5-0 (W-L-D)，历史 14 条
2026-10-02 10:07:49 [scrapy.extensions.logstats] INFO: Crawled 138 pages (at 1 pages/min), scraped 136 items (at 1 items/min)
2026-10-02 10:08:25 [upcoming] INFO: 抓取完成选手: Francis Marshall，战绩 10-3-0 (W-L-D)，历史 17 条
2026-10-02 10:08:26 [upcoming] INFO: 抓取完成选手: Jeong Yeong Lee，战绩 11-3-0 (W-L-D)，历史 16 条
2026-10-02 10:08:49 [scrapy.extensions.logstats] INFO: Crawled 140 pages (at 2 pages/min), scraped 138 items (at 2 items/min)
2026-10-02 10:08:53 [upcoming] INFO: 抓取完成选手: Julian Erosa，战绩 31-13-0 (W-L-D)，历史 48 条
2026-10-02 10:09:03 [upcoming] INFO: 抓取完成选手: Luana Santos，战绩 11-2-0 (W-L-D)，历史 16 条
2026-10-02 10:09:14 [upcoming] INFO: 抓取完成选手: Yana Santos，战绩 17-8-0 (W-L-D)，历史 26 条
2026-10-02 10:09:17 [upcoming] INFO: 抓取完成选手: Carlos Leal，战绩 23-7-0 (W-L-D)，历史 31 条
2026-10-02 10:09:19 [upcoming] INFO: 抓取完成选手: Randy Brown，战绩 20-8-0 (W-L-D)，历史 34 条
2026-10-02 10:09:22 [upcoming] INFO: 抓取完成选手: Tom Nolan，战绩 11-1-0 (W-L-D)，历史 19 条
2026-10-02 10:09:24 [upcoming] INFO: 抓取完成选手: Renato Carneiro，战绩 21-7-1 (W-L-D)，历史 29 条
2026-10-02 10:09:26 [upcoming] INFO: 抓取完成选手: Mantas Kondratavicius，战绩 9-1-0 (W-L-D)，历史 15 条
2026-10-02 10:09:27 [upcoming] INFO: 抓取完成选手: Priscila Cachoeira，战绩 13-9-0 (W-L-D)，历史 23 条
2026-10-02 10:09:31 [upcoming] INFO: 抓取完成选手: Nina Nikolija Milosevic，战绩 9-1-0 (W-L-D)，历史 20 条
2026-10-02 10:09:32 [upcoming] INFO: 抓取完成选手: Oliver Schmid，战绩 4-3-0 (W-L-D)，历史 16 条
2026-10-02 10:09:36 [upcoming] INFO: 抓取完成选手: Keiichiro Nakamura，战绩 8-1-0 (W-L-D)，历史 15 条
2026-10-02 10:09:38 [upcoming] INFO: 抓取完成选手: Billy Elekana，战绩 10-2-0 (W-L-D)，历史 20 条
2026-10-02 10:09:39 [upcoming] INFO: 抓取完成选手: Lucas Fernando，战绩 14-3-0 (W-L-D)，历史 18 条
2026-10-02 10:09:41 [upcoming] INFO: 抓取完成选手: Gabriel Lourenco，战绩 8-1-0 (W-L-D)，历史 9 条
2026-10-02 10:09:43 [upcoming] INFO: 抓取完成选手: Alvin Hines，战绩 7-2-0 (W-L-D)，历史 12 条
2026-10-02 10:09:45 [upcoming] INFO: 抓取完成选手: Lucas Brennan，战绩 11-3-0 (W-L-D)，历史 17 条
2026-10-02 10:09:46 [upcoming] INFO: 抓取完成选手: Austin Bashi，战绩 14-2-0 (W-L-D)，历史 18 条
2026-10-02 10:09:49 [scrapy.extensions.logstats] INFO: Crawled 158 pages (at 18 pages/min), scraped 156 items (at 18 items/min)
2026-10-02 10:09:52 [upcoming] INFO: 抓取完成选手: Wellington Turman，战绩 18-8-0 (W-L-D)，历史 30 条
2026-10-02 10:09:53 [upcoming] INFO: 抓取完成选手: Seok Hyeon Ko，战绩 13-3-0 (W-L-D)，历史 16 条
2026-10-02 10:09:59 [upcoming] INFO: 抓取完成选手: Jose Mauro Delano，战绩 17-3-0 (W-L-D)，历史 20 条
2026-10-02 10:10:01 [upcoming] INFO: 抓取完成选手: Murtazali Magomedov，战绩 11-0-0 (W-L-D)，历史 11 条
2026-10-02 10:10:03 [upcoming] INFO: 抓取完成选手: Jose Henrique Souza，战绩 9-1-0 (W-L-D)，历史 10 条
2026-10-02 10:10:10 [upcoming] INFO: 抓取完成选手: Jonny Parsons，战绩 9-3-0 (W-L-D)，历史 16 条
2026-10-02 10:10:13 [upcoming] INFO: 抓取完成选手: Elijah Smith，战绩 10-1-0 (W-L-D)，历史 16 条
2026-10-02 10:10:17 [upcoming] INFO: 抓取完成选手: Davey Grant，战绩 18-8-0 (W-L-D)，历史 30 条
2026-10-02 10:10:20 [upcoming] INFO: 抓取完成选手: Gabriella Fernandes，战绩 11-4-0 (W-L-D)，历史 16 条
2026-10-02 10:10:23 [upcoming] INFO: 抓取完成选手: Karine Silva，战绩 19-7-0 (W-L-D)，历史 28 条
2026-10-02 10:10:25 [upcoming] INFO: 抓取完成选手: Virna Jandiroba，战绩 23-4-0 (W-L-D)，历史 27 条
2026-10-02 10:10:32 [upcoming] INFO: 抓取完成选手: Tatiana Suarez，战绩 12-1-0 (W-L-D)，历史 17 条
2026-10-02 10:10:35 [upcoming] INFO: 抓取完成选手: Sean Brady，战绩 19-2-0 (W-L-D)，历史 24 条
2026-10-02 10:10:39 [upcoming] INFO: 抓取完成选手: Gabriel Bonfim，战绩 20-1-0 (W-L-D)，历史 21 条
2026-10-02 10:10:41 [upcoming] INFO: 抓取完成选手: Melquizael Costa，战绩 26-8-0 (W-L-D)，历史 34 条
2026-10-02 10:10:43 [upcoming] INFO: 抓取完成选手: Jared Gordon，战绩 21-9-0 (W-L-D)，历史 33 条
2026-10-02 10:10:44 [upcoming] INFO: 抓取完成选手: Cesar Almeida，战绩 7-3-0 (W-L-D)，历史 10 条
2026-10-02 10:10:46 [upcoming] INFO: 抓取完成选手: Donte Johnson，战绩 9-0-0 (W-L-D)，历史 14 条
2026-10-02 10:10:48 [upcoming] INFO: 抓取完成选手: Juan Diaz，战绩 16-1-1 (W-L-D)，历史 18 条
2026-10-02 10:10:49 [scrapy.extensions.logstats] INFO: Crawled 177 pages (at 19 pages/min), scraped 175 items (at 19 items/min)
2026-10-02 10:10:51 [upcoming] INFO: 抓取完成选手: Adrian Yanez，战绩 18-6-1 (W-L-D)，历史 31 条
2026-10-02 10:10:52 [upcoming] INFO: 抓取完成选手: Beatriz Mesquita，战绩 8-0-0 (W-L-D)，历史 8 条
2026-10-02 10:10:53 [upcoming] INFO: 抓取完成选手: Macy Chiasson，战绩 10-6-0 (W-L-D)，历史 23 条
2026-10-02 10:10:55 [upcoming] INFO: 抓取完成选手: Terrance McKinney，战绩 18-9-0 (W-L-D)，历史 28 条
2026-10-02 10:10:57 [upcoming] INFO: 抓取完成选手: Jim Miller，战绩 39-19-0 (W-L-D)，历史 59 条
2026-10-02 10:10:59 [upcoming] INFO: 抓取完成选手: Chris Duncan，战绩 15-3-0 (W-L-D)，历史 30 条
2026-10-02 10:11:02 [upcoming] INFO: 抓取完成选手: Drew Dober，战绩 29-15-0 (W-L-D)，历史 52 条
2026-10-02 10:11:02 [upcoming] INFO: 抓取完成选手: Charles Radtke，战绩 12-5-0 (W-L-D)，历史 18 条
2026-10-02 10:11:04 [upcoming] INFO: 抓取完成选手: Stephen Thompson，战绩 17-9-1 (W-L-D)，历史 27 条
2026-10-02 10:11:09 [upcoming] INFO: 抓取完成选手: Luis Gurule，战绩 11-4-0 (W-L-D)，历史 17 条
2026-10-02 10:11:10 [upcoming] INFO: 抓取完成选手: Bilal Hasan，战绩 10-0-0 (W-L-D)，历史 16 条
2026-10-02 10:11:14 [upcoming] INFO: 抓取完成选手: Kevin Holland，战绩 29-15-0 (W-L-D)，历史 48 条
2026-10-02 10:11:17 [upcoming] INFO: 抓取完成选手: Uros Medic，战绩 14-3-0 (W-L-D)，历史 17 条
2026-10-02 10:11:19 [upcoming] INFO: 抓取完成选手: Yousri Belgaroui，战绩 11-3-0 (W-L-D)，历史 14 条
2026-10-02 10:11:20 [upcoming] INFO: 抓取完成选手: Caio Borralho，战绩 18-2-0 (W-L-D)，历史 22 条
2026-10-02 10:11:23 [upcoming] INFO: 抓取完成选手: Amanda Nunes，战绩 23-5-0 (W-L-D)，历史 28 条
2026-10-02 10:11:25 [upcoming] INFO: 抓取完成选手: Kayla Harrison，战绩 19-1-0 (W-L-D)，历史 20 条
2026-10-02 10:11:26 [upcoming] INFO: 抓取完成选手: Josh Hokit，战绩 10-0-0 (W-L-D)，历史 10 条
2026-10-02 10:11:28 [upcoming] INFO: 抓取完成选手: Ciryl Gane，战绩 14-2-0 (W-L-D)，历史 17 条
2026-10-02 10:11:30 [upcoming] INFO: 抓取完成选手: Aleksandre Topuria，战绩 7-1-0 (W-L-D)，历史 8 条
2026-10-02 10:11:32 [upcoming] INFO: 抓取完成选手: Ikram Aliskerov，战绩 18-2-0 (W-L-D)，历史 20 条
2026-10-02 10:11:33 [upcoming] INFO: 抓取完成选手: Jared Cannonier，战绩 18-10-0 (W-L-D)，历史 30 条
2026-10-02 10:11:36 [upcoming] INFO: 抓取完成选手: Kyoji Horiguchi，战绩 36-6-0 (W-L-D)，历史 43 条
2026-10-02 10:11:39 [upcoming] INFO: 抓取完成选手: Asu Almabayev，战绩 24-3-0 (W-L-D)，历史 27 条
2026-10-02 10:11:41 [upcoming] INFO: 抓取完成选手: Brian Ortega，战绩 16-5-0 (W-L-D)，历史 22 条
2026-10-02 10:11:47 [upcoming] INFO: 抓取完成选手: Dan Hooker，战绩 24-15-0 (W-L-D)，历史 40 条
2026-10-02 10:11:49 [upcoming] INFO: 抓取完成选手: Kevin Vallejos，战绩 18-1-0 (W-L-D)，历史 23 条
2026-10-02 10:11:49 [scrapy.extensions.logstats] INFO: Crawled 204 pages (at 27 pages/min), scraped 202 items (at 27 items/min)
2026-10-02 10:11:54 [upcoming] INFO: 抓取完成选手: Aljamain Sterling，战绩 26-5-0 (W-L-D)，历史 34 条
2026-10-02 10:11:56 [upcoming] INFO: 抓取完成选手: Navajo Stirling，战绩 11-0-0 (W-L-D)，历史 11 条
2026-10-02 10:11:59 [upcoming] INFO: 抓取完成选手: Jiri Prochazka，战绩 32-6-1 (W-L-D)，历史 39 条
2026-10-02 10:12:00 [scrapy.core.engine] INFO: Closing spider (finished)
2026-10-02 10:12:00 [scrapy.statscollectors] INFO: Dumping Scrapy stats:
{'downloader/request_bytes': 131233,
 'downloader/request_count': 207,
 'downloader/request_method_count/GET': 207,
 'downloader/response_bytes': 5873744,
 'downloader/response_count': 207,
 'downloader/response_status_count/200': 207,
 'elapsed_time_seconds': 730.6348428220081,
 'file_count': 196,
 'file_status_count/downloaded': 1,
 'file_status_count/uptodate': 195,
 'finish_reason': 'finished',
 'finish_time': datetime.datetime(2026, 10, 2, 2, 12, 0, 86720, tzinfo=datetime.timezone.utc),
 'httpcompression/response_bytes': 22717390,
 'httpcompression/response_count': 206,
 'item_scraped_count': 205,
 'items_per_minute': 16.84931506849315,
 'log_count/INFO': 242,
 'memusage/max': 103264256,
 'memusage/startup': 72871936,
 'request_depth_max': 2,
 'response_received_count': 207,
 'responses_per_minute': 17.013698630136986,
 'scheduler/dequeued': 206,
 'scheduler/dequeued/memory': 206,
 'scheduler/enqueued': 206,
 'scheduler/enqueued/memory': 206,
 'start_time': datetime.datetime(2026, 10, 2, 1, 59, 49, 423877, tzinfo=datetime.timezone.utc)}
2026-10-02 10:12:00 [scrapy.core.engine] INFO: Spider closed (finished)
